BL51 BANKED LINKER/LOCATER V6.22                                                        12/14/2019  13:09:00  PAGE 1


BL51 BANKED LINKER/LOCATER V6.22, INVOKED BY:
G:\KEIL\C51\BIN\BL51.EXE .\Objects\main.obj, .\Objects\ADC.obj, .\Objects\STARTUP.obj TO .\Objects\test PRINT (.\Listing
>> s\test.m51) RAMSIZE (256)


MEMORY MODEL: LARGE WITH FLOATING POINT ARITHMETIC


INPUT MODULES INCLUDED:
  .\Objects\main.obj (MAIN)
  .\Objects\ADC.obj (ADC)
  .\Objects\STARTUP.obj (?C_STARTUP)
  G:\KEIL\C51\LIB\C51FPL.LIB (?C?FPADD)
  G:\KEIL\C51\LIB\C51FPL.LIB (?C?FPMUL)
  G:\KEIL\C51\LIB\C51FPL.LIB (?C?FPDIV)
  G:\KEIL\C51\LIB\C51FPL.LIB (?C?FPCMP)
  G:\KEIL\C51\LIB\C51FPL.LIB (?C?FCAST)
  G:\KEIL\C51\LIB\C51FPL.LIB (?C?CASTF)
  G:\KEIL\C51\LIB\C51FPL.LIB (?C?FPGETOPN)
  G:\KEIL\C51\LIB\C51L.LIB (?C_INIT)
  G:\KEIL\C51\LIB\C51L.LIB (?C?IMUL)
  G:\KEIL\C51\LIB\C51L.LIB (?C?SIDIV)
  G:\KEIL\C51\LIB\C51L.LIB (?C?SLDIV)
  G:\KEIL\C51\LIB\C51L.LIB (?C?LNEG)
  G:\KEIL\C51\LIB\C51L.LIB (?C?LSTXDATA)
  G:\KEIL\C51\LIB\C51L.LIB (?C?LSTKXDATA)
  G:\KEIL\C51\LIB\C51L.LIB (?C?UIDIV)
  G:\KEIL\C51\LIB\C51L.LIB (?C?ULDIV)


LINK MAP OF MODULE:  .\Objects\test (MAIN)


            TYPE    BASE      LENGTH    RELOCATION   SEGMENT NAME
            -----------------------------------------------------

            * * * * * * *   D A T A   M E M O R Y   * * * * * * *
            REG     0000H     0008H     ABSOLUTE     "REG BANK 0"
                    0008H     0018H                  *** GAP ***
            BIT     0020H.0   0000H.1   UNIT         ?BI?MAIN
                    0020H.1   0000H.7                *** GAP ***
            IDATA   0021H     0001H     UNIT         ?STACK

            * * * * * * *  X D A T A   M E M O R Y  * * * * * * *
            XDATA   0000H     0036H     UNIT         ?XD?MAIN
            XDATA   0036H     0011H     UNIT         ?XD?_SEND_ADC_DATA?ADC
            XDATA   0047H     0010H     UNIT         ?XD?_SEND_DER_DATA?MAIN
            XDATA   0057H     000DH     UNIT         ?XD?_SEND_PWM_DATA?MAIN
            XDATA   0064H     000CH     UNIT         _XDATA_GROUP_

            * * * * * * *   C O D E   M E M O R Y   * * * * * * *
            CODE    0000H     0003H     ABSOLUTE     
            CODE    0003H     0003H     ABSOLUTE     
                    0006H     0005H                  *** GAP ***
            CODE    000BH     0003H     ABSOLUTE     
            CODE    000EH     058CH     UNIT         ?C?LIB_CODE
            CODE    059AH     0154H     UNIT         ?PR?TIMER0_INT?MAIN
            CODE    06EEH     011AH     UNIT         ?PR?MAIN?MAIN
BL51 BANKED LINKER/LOCATER V6.22                                                      12/14/2019  13:09:00  PAGE 2


            CODE    0808H     00FAH     UNIT         ?PR?_PID_RUN?MAIN
            CODE    0902H     00F7H     UNIT         ?PR?_SEND_PWM_DATA?MAIN
            CODE    09F9H     00E3H     UNIT         ?PR?_SEND_DER_DATA?MAIN
            CODE    0ADCH     00E1H     UNIT         ?PR?_SEND_ADC_DATA?ADC
            CODE    0BBDH     00B9H     UNIT         ?PR?MOTOPROCESS?MAIN
            CODE    0C76H     0091H     UNIT         ?PR?_ADC_MAX?ADC
            CODE    0D07H     0090H     UNIT         ?PR?_PID_INIT?MAIN
            CODE    0D97H     008CH     UNIT         ?C_C51STARTUP
            CODE    0E23H     0059H     UNIT         ?PR?INT0_RUN?MAIN
            CODE    0E7CH     0044H     UNIT         ?C?LDIV
            CODE    0EC0H     0025H     UNIT         ?PR?_GETADCRESULT?ADC
            CODE    0EE5H     0023H     UNIT         ?PR?_DELAY?ADC
            CODE    0F08H     001DH     UNIT         ?C_INITSEG
            CODE    0F25H     001BH     UNIT         ?PR?UART_INIT?MAIN
            CODE    0F40H     0018H     UNIT         ?PR?_SENDDATA?ADC
            CODE    0F58H     0017H     UNIT         ?PR?TIMER0INIT?MAIN
            CODE    0F6FH     0010H     UNIT         ?PR?BUTTON_INIT?MAIN
            CODE    0F7FH     000FH     UNIT         ?PR?INITADC?ADC
            CODE    0F8EH     0009H     UNIT         ?PR?DELAY1MS?MAIN
            CODE    0F97H     0007H     UNIT         ?PR?INT_INIT?MAIN



OVERLAY MAP OF MODULE:   .\Objects\test (MAIN)


SEGMENT                           XDATA_GROUP
  +--> CALLED SEGMENT           START    LENGTH
-----------------------------------------------
?PR?INT0_RUN?MAIN               -----    -----
  +--> ?PR?DELAY1MS?MAIN

*** NEW ROOT ***************************************************

?C_C51STARTUP                   -----    -----
  +--> ?PR?MAIN?MAIN
  +--> ?C_INITSEG

?PR?MAIN?MAIN                   -----    -----
  +--> ?PR?_PID_INIT?MAIN
  +--> ?PR?INT_INIT?MAIN
  +--> ?PR?TIMER0INIT?MAIN
  +--> ?PR?INITADC?ADC
  +--> ?PR?BUTTON_INIT?MAIN
  +--> ?PR?UART_INIT?MAIN
  +--> ?PR?_ADC_MAX?ADC
  +--> ?PR?_PID_RUN?MAIN

?PR?_PID_INIT?MAIN              0064H    000CH

?PR?INITADC?ADC                 -----    -----
  +--> ?PR?_DELAY?ADC

?PR?_ADC_MAX?ADC                0064H    000BH
  +--> ?PR?_GETADCRESULT?ADC

?PR?_PID_RUN?MAIN               0064H    0008H
BL51 BANKED LINKER/LOCATER V6.22                                                      12/14/2019  13:09:00  PAGE 3


  +--> ?PR?MOTOPROCESS?MAIN



SYMBOL TABLE OF MODULE:  .\Objects\test (MAIN)

  VALUE           TYPE          NAME
  ----------------------------------

  -------         MODULE        MAIN
  C:0000H         SYMBOL        _ICE_DUMMY_
  D:0093H         PUBLIC        P0M1
  D:0080H         PUBLIC        P0
  D:0090H         PUBLIC        P1
  C:059AH         PUBLIC        timer0_int
  D:00A0H         PUBLIC        P2
  D:00CAH         PUBLIC        P5M0
  D:00B0H         PUBLIC        P3
  D:00C9H         PUBLIC        P5M1
  D:00C0H         PUBLIC        P4
  C:0F8EH         PUBLIC        Delay1ms
  X:0000H         PUBLIC        Times
  D:00C8H         PUBLIC        P5
  B:00A8H.7       PUBLIC        EA
  D:00E8H         PUBLIC        P6
  D:00F8H         PUBLIC        P7
  B:00C8H.5       PUBLIC        Bee
  D:00A8H         PUBLIC        IE
  C:0E23H         PUBLIC        Int0_run
  B:00A8H.4       PUBLIC        ES
  D:00B8H         PUBLIC        IP
  D:00D8H         PUBLIC        CCON
  C:0BBDH         PUBLIC        motoProcess
  B:00A0H.1       PUBLIC        L_I1
  C:06EEH         PUBLIC        main
  B:00A0H.3       PUBLIC        L_I2
  B:00A0H.4       PUBLIC        R_I1
  B:00A0H.0       PUBLIC        L_O1
  B:00A0H.6       PUBLIC        R_I2
  B:00A0H.2       PUBLIC        L_O2
  B:00A0H.5       PUBLIC        R_O1
  B:00A0H.7       PUBLIC        R_O2
  C:0F25H         PUBLIC        UART_Init
  C:0808H         PUBLIC        _PID_RUN
  D:0098H         PUBLIC        SCON
  D:0089H         PUBLIC        TMOD
  D:0088H         PUBLIC        TCON
  X:0002H         PUBLIC        temp
  X:0003H         PUBLIC        car_state
  C:0902H         PUBLIC        _Send_PWM_Data
  X:0004H         PUBLIC        LPWM
  D:008EH         PUBLIC        AUXR
  B:0020H.0       PUBLIC        busy
  B:00B0H.2       PUBLIC        STOP
  X:0008H         PUBLIC        RPWM
  X:000CH         PUBLIC        ADC
  B:00A8H.1       PUBLIC        ET0
BL51 BANKED LINKER/LOCATER V6.22                                                      12/14/2019  13:09:00  PAGE 4


  B:0088H.5       PUBLIC        TF0
  B:00A8H.3       PUBLIC        ET1
  C:0F58H         PUBLIC        Timer0Init
  D:008CH         PUBLIC        TH0
  D:008DH         PUBLIC        TH1
  B:0088H.0       PUBLIC        IT0
  B:00A8H.0       PUBLIC        EX0
  D:008AH         PUBLIC        TL0
  D:008BH         PUBLIC        TL1
  X:0018H         PUBLIC        T
  B:0088H.4       PUBLIC        TR0
  B:0088H.6       PUBLIC        TR1
  X:001AH         PUBLIC        MID
  X:001CH         PUBLIC        PID
  C:0F97H         PUBLIC        INT_Init
  C:09F9H         PUBLIC        _Send_Der_Data
  X:002CH         PUBLIC        SPEED
  C:0D0FH         PUBLIC        _PID_INIT
  X:002EH         PUBLIC        PWM
  C:0F6FH         PUBLIC        Button_Init
  D:00D0H         PUBLIC        PSW
  B:0080H.0       PUBLIC        K1
  B:0080H.1       PUBLIC        K2
  B:0080H.4       PUBLIC        K3
  D:0094H         PUBLIC        P0M0
  -------         PROC          MAIN
  C:06EEH         LINE#         83
  C:06EEH         LINE#         84
  C:06EEH         LINE#         86
  C:070DH         LINE#         87
  C:0710H         LINE#         88
  C:0713H         LINE#         89
  C:0716H         LINE#         90
  C:0719H         LINE#         91
  C:071CH         LINE#         92
  C:071CH         LINE#         93
  C:0743H         LINE#         94
  C:0768H         LINE#         95
  C:078BH         LINE#         96
  C:078BH         LINE#         97
  C:078BH         LINE#         98
  C:078BH         LINE#         99
  C:0796H         LINE#         100
  C:07A1H         LINE#         101
  C:07ACH         LINE#         102
  C:07D1H         LINE#         103
  C:07F7H         LINE#         104
  C:07FEH         LINE#         106
  C:0807H         LINE#         107
  C:0807H         LINE#         108
  -------         ENDPROC       MAIN
  -------         PROC          MOTOPROCESS
  C:0BBDH         LINE#         114
  C:0BBDH         LINE#         115
  C:0BBDH         LINE#         116
  C:0C05H         LINE#         117
  C:0C19H         LINE#         118
BL51 BANKED LINKER/LOCATER V6.22                                                      12/14/2019  13:09:00  PAGE 5


  C:0C61H         LINE#         119
  C:0C75H         LINE#         120
  -------         ENDPROC       MOTOPROCESS
  -------         PROC          BUTTON_INIT
  C:0F6FH         LINE#         122
  C:0F6FH         LINE#         123
  C:0F6FH         LINE#         125
  C:0F72H         LINE#         126
  C:0F75H         LINE#         128
  C:0F78H         LINE#         129
  C:0F7AH         LINE#         130
  C:0F7CH         LINE#         131
  C:0F7EH         LINE#         133
  -------         ENDPROC       BUTTON_INIT
  -------         PROC          INT_INIT
  C:0F97H         LINE#         136
  C:0F97H         LINE#         137
  C:0F97H         LINE#         139
  C:0F99H         LINE#         140
  C:0F9BH         LINE#         141
  C:0F9DH         LINE#         142
  -------         ENDPROC       INT_INIT
  -------         PROC          TIMER0INIT
  C:0F58H         LINE#         145
  C:0F58H         LINE#         146
  C:0F58H         LINE#         147
  C:0F5BH         LINE#         148
  C:0F5EH         LINE#         149
  C:0F61H         LINE#         150
  C:0F64H         LINE#         151
  C:0F66H         LINE#         152
  C:0F68H         LINE#         153
  C:0F6AH         LINE#         154
  C:0F6CH         LINE#         155
  C:0F6EH         LINE#         156
  -------         ENDPROC       TIMER0INIT
  -------         PROC          UART_INIT
  C:0F25H         LINE#         158
  C:0F25H         LINE#         159
  C:0F25H         LINE#         163
  C:0F28H         LINE#         164
  C:0F2BH         LINE#         165
  C:0F2EH         LINE#         166
  C:0F31H         LINE#         167
  C:0F34H         LINE#         168
  C:0F37H         LINE#         169
  C:0F39H         LINE#         170
  C:0F3BH         LINE#         171
  C:0F3DH         LINE#         172
  C:0F3FH         LINE#         174
  -------         ENDPROC       UART_INIT
  C:0D09H         SYMBOL        L?0067
  -------         PROC          L?0066
  -------         ENDPROC       L?0066
  C:0D09H         SYMBOL        L?0067
  -------         PROC          _PID_INIT
  X:0064H         SYMBOL        PWM_LEFT
BL51 BANKED LINKER/LOCATER V6.22                                                      12/14/2019  13:09:00  PAGE 6


  X:0068H         SYMBOL        PWM_RIGHT
  X:006CH         SYMBOL        PID_P
  C:0D0FH         LINE#         177
  C:0D15H         LINE#         178
  C:0D15H         LINE#         179
  C:0D1FH         LINE#         180
  C:0D29H         LINE#         181
  C:0D33H         LINE#         182
  C:0D47H         LINE#         183
  C:0D5BH         LINE#         184
  C:0D6FH         LINE#         185
  C:0D83H         LINE#         186
  -------         ENDPROC       _PID_INIT
  -------         PROC          _PID_RUN
  X:0064H         SYMBOL        ADC_left
  X:0068H         SYMBOL        ADC_right
  C:0808H         LINE#         191
  C:080EH         LINE#         192
  C:080EH         LINE#         193
  C:0820H         LINE#         194
  C:0845H         LINE#         195
  C:087BH         LINE#         196
  C:08C1H         LINE#         197
  C:08FFH         LINE#         198
  -------         ENDPROC       _PID_RUN
  -------         PROC          INT0_RUN
  C:0E23H         LINE#         202
  C:0E40H         LINE#         204
  C:0E43H         LINE#         205
  C:0E43H         LINE#         206
  C:0E46H         LINE#         207
  C:0E4FH         LINE#         208
  C:0E4FH         LINE#         209
  C:0E53H         LINE#         210
  C:0E57H         LINE#         211
  C:0E57H         LINE#         212
  C:0E59H         LINE#         213
  C:0E59H         LINE#         214
  C:0E59H         LINE#         215
  C:0E59H         LINE#         216
  C:0E61H         LINE#         217
  -------         ENDPROC       INT0_RUN
  -------         PROC          TIMER0_INT
  C:059AH         LINE#         221
  C:05B7H         LINE#         223
  C:05C9H         LINE#         225
  C:05DEH         LINE#         226
  C:0604H         LINE#         227
  C:0614H         LINE#         228
  C:0617H         LINE#         229
  C:0617H         LINE#         230
  C:0638H         LINE#         231
  C:065CH         LINE#         232
  C:0666H         LINE#         234
  C:066EH         LINE#         236
  C:068FH         LINE#         237
  C:06B3H         LINE#         238
BL51 BANKED LINKER/LOCATER V6.22                                                      12/14/2019  13:09:00  PAGE 7


  C:06BDH         LINE#         240
  C:06C5H         LINE#         241
  C:06D3H         LINE#         257
  -------         ENDPROC       TIMER0_INT
  -------         PROC          _SEND_PWM_DATA
  X:0057H         SYMBOL        ch
  X:0058H         SYMBOL        PWM_Data
  -------         DO            
  X:005CH         SYMBOL        INT_DATA
  X:005EH         SYMBOL        Data
  -------         ENDDO         
  C:0902H         LINE#         259
  C:0907H         LINE#         260
  C:0907H         LINE#         261
  C:091EH         LINE#         263
  C:0926H         LINE#         264
  C:092BH         LINE#         265
  C:0930H         LINE#         266
  C:0935H         LINE#         267
  C:093AH         LINE#         268
  C:0941H         LINE#         269
  C:095BH         LINE#         270
  C:095DH         LINE#         272
  C:0977H         LINE#         273
  C:097BH         LINE#         274
  C:0980H         LINE#         275
  C:099FH         LINE#         276
  C:09B7H         LINE#         277
  C:09CEH         LINE#         278
  C:09D9H         LINE#         279
  C:09E4H         LINE#         280
  C:09EFH         LINE#         281
  C:09F4H         LINE#         282
  -------         ENDPROC       _SEND_PWM_DATA
  -------         PROC          _SEND_DER_DATA
  D:0004H         SYMBOL        L
  X:004BH         SYMBOL        R
  -------         DO            
  X:004FH         SYMBOL        INT_Dert
  X:0051H         SYMBOL        Data
  -------         ENDDO         
  C:09F9H         LINE#         284
  C:09F9H         LINE#         285
  C:09F9H         LINE#         286
  C:0A15H         LINE#         288
  C:0A1AH         LINE#         289
  C:0A1FH         LINE#         290
  C:0A24H         LINE#         291
  C:0A29H         LINE#         292
  C:0A2EH         LINE#         293
  C:0A4FH         LINE#         294
  C:0A63H         LINE#         295
  C:0A82H         LINE#         296
  C:0A9AH         LINE#         297
  C:0AB1H         LINE#         298
  C:0ABCH         LINE#         299
  C:0AC7H         LINE#         300
BL51 BANKED LINKER/LOCATER V6.22                                                      12/14/2019  13:09:00  PAGE 8


  C:0AD2H         LINE#         301
  C:0AD7H         LINE#         302
  -------         ENDPROC       _SEND_DER_DATA
  -------         PROC          DELAY1MS
  -------         DO            
  D:0007H         SYMBOL        i
  D:0006H         SYMBOL        j
  -------         ENDDO         
  C:0F8EH         LINE#         305
  C:0F8EH         LINE#         306
  C:0F8EH         LINE#         309
  C:0F90H         LINE#         310
  C:0F92H         LINE#         312
  C:0F92H         LINE#         313
  C:0F94H         LINE#         314
  C:0F96H         LINE#         315
  -------         ENDPROC       DELAY1MS
  -------         ENDMOD        MAIN

  -------         MODULE        ADC
  C:0000H         SYMBOL        _ICE_DUMMY_
  D:0080H         PUBLIC        P0
  D:0090H         PUBLIC        P1
  D:00A0H         PUBLIC        P2
  D:00B0H         PUBLIC        P3
  D:00C0H         PUBLIC        P4
  D:00C8H         PUBLIC        P5
  D:00E8H         PUBLIC        P6
  D:00F8H         PUBLIC        P7
  C:0F4FH         PUBLIC        _SendData
  D:00A8H         PUBLIC        IE
  C:0C76H         PUBLIC        _ADC_MAX
  C:0EE5H         PUBLIC        _delay
  C:0ADCH         PUBLIC        _Send_ADC_Data
  D:00BDH         PUBLIC        ADC_RES
  D:00B8H         PUBLIC        IP
  B:0098H.1       PUBLIC        TI
  D:00D8H         PUBLIC        CCON
  D:00BCH         PUBLIC        ADC_CONTR
  D:0099H         PUBLIC        SBUF
  D:0098H         PUBLIC        SCON
  D:0088H         PUBLIC        TCON
  D:00E0H         PUBLIC        ACC
  D:009DH         PUBLIC        P1ASF
  C:0F7FH         PUBLIC        InitADC
  C:0EC0H         PUBLIC        _GetADCResult
  D:00D0H         PUBLIC        PSW
  -------         PROC          _GETADCRESULT
  D:0007H         SYMBOL        ch
  C:0EC0H         LINE#         8
  C:0EC0H         LINE#         9
  C:0EC0H         LINE#         10
  C:0EC5H         LINE#         11
  C:0EC6H         LINE#         12
  C:0EC7H         LINE#         13
  C:0EC8H         LINE#         14
  C:0EC9H         LINE#         15
BL51 BANKED LINKER/LOCATER V6.22                                                      12/14/2019  13:09:00  PAGE 9


  C:0ECEH         LINE#         16
  C:0ED1H         LINE#         17
  C:0EE4H         LINE#         18
  -------         ENDPROC       _GETADCRESULT
  -------         PROC          _ADC_MAX
  X:0064H         SYMBOL        ch
  -------         DO            
  X:0065H         SYMBOL        i
  X:0067H         SYMBOL        temp
  X:006BH         SYMBOL        max
  -------         ENDDO         
  C:0C76H         LINE#         20
  C:0C7BH         LINE#         21
  C:0C7BH         LINE#         23
  C:0C8FH         LINE#         24
  C:0C96H         LINE#         25
  C:0C96H         LINE#         26
  C:0CA4H         LINE#         27
  C:0CC7H         LINE#         28
  C:0CD9H         LINE#         29
  C:0CF8H         LINE#         31
  C:0D06H         LINE#         32
  -------         ENDPROC       _ADC_MAX
  -------         PROC          INITADC
  C:0F7FH         LINE#         37
  C:0F7FH         LINE#         38
  C:0F7FH         LINE#         39
  C:0F82H         LINE#         40
  C:0F85H         LINE#         41
  C:0F88H         LINE#         42
  -------         ENDPROC       INITADC
  C:0F4AH         SYMBOL        L?0020
  -------         PROC          L?0019
  -------         ENDPROC       L?0019
  C:0F4AH         SYMBOL        L?0020
  -------         PROC          _SENDDATA
  D:0007H         SYMBOL        dat
  C:0F4FH         LINE#         45
  C:0F4FH         LINE#         46
  C:0F4FH         LINE#         47
  C:0F50H         LINE#         48
  C:0F52H         LINE#         49
  C:0F55H         LINE#         50
  C:0F57H         LINE#         51
  -------         ENDPROC       _SENDDATA
  -------         PROC          _SEND_ADC_DATA
  X:0036H         SYMBOL        ch
  X:0037H         SYMBOL        ADC_Data
  -------         DO            
  X:003BH         SYMBOL        INT_DATA
  X:003DH         SYMBOL        Data
  -------         ENDDO         
  C:0ADCH         LINE#         53
  C:0AE1H         LINE#         54
  C:0AE1H         LINE#         55
  C:0AF8H         LINE#         57
  C:0B24H         LINE#         58
BL51 BANKED LINKER/LOCATER V6.22                                                      12/14/2019  13:09:00  PAGE 10


  C:0B45H         LINE#         59
  C:0B5DH         LINE#         60
  C:0B7BH         LINE#         61
  C:0B8CH         LINE#         62
  C:0B94H         LINE#         63
  C:0B99H         LINE#         64
  C:0B9EH         LINE#         65
  C:0BA2H         LINE#         66
  C:0BA7H         LINE#         67
  C:0BADH         LINE#         68
  C:0BADH         LINE#         69
  C:0BB0H         LINE#         70
  C:0BB0H         LINE#         71
  C:0BB3H         LINE#         72
  C:0BB8H         LINE#         73
  -------         ENDPROC       _SEND_ADC_DATA
  -------         PROC          _DELAY
  D:0002H         SYMBOL        i
  -------         DO            
  D:0082H         SYMBOL        temp
  -------         ENDDO         
  C:0EE5H         LINE#         81
  C:0EE9H         LINE#         82
  C:0EE9H         LINE#         84
  C:0F07H         LINE#         85
  -------         ENDPROC       _DELAY
  -------         ENDMOD        ADC

  -------         MODULE        ?C_STARTUP
  C:0D97H         SEGMENT       ?C_C51STARTUP
  I:0021H         SEGMENT       ?STACK
  C:0000H         PUBLIC        ?C_STARTUP
  D:00E0H         SYMBOL        ACC
  D:00F0H         SYMBOL        B
  D:0083H         SYMBOL        DPH
  D:0082H         SYMBOL        DPL
  N:0000H         SYMBOL        IBPSTACK
  N:0100H         SYMBOL        IBPSTACKTOP
  N:0080H         SYMBOL        IDATALEN
  C:0D9AH         SYMBOL        IDATALOOP
  N:0000H         SYMBOL        PBPSTACK
  N:0100H         SYMBOL        PBPSTACKTOP
  N:0000H         SYMBOL        PDATALEN
  N:0000H         SYMBOL        PDATASTART
  N:0000H         SYMBOL        PPAGE
  N:0000H         SYMBOL        PPAGEENABLE
  D:00A0H         SYMBOL        PPAGE_SFR
  D:0081H         SYMBOL        SP
  C:0D97H         SYMBOL        STARTUP1
  N:0000H         SYMBOL        XBPSTACK
  N:0000H         SYMBOL        XBPSTACKTOP
  N:0000H         SYMBOL        XDATALEN
  N:0000H         SYMBOL        XDATASTART
  C:0000H         LINE#         126
  C:0D97H         LINE#         133
  C:0D99H         LINE#         134
  C:0D9AH         LINE#         135
BL51 BANKED LINKER/LOCATER V6.22                                                      12/14/2019  13:09:00  PAGE 11


  C:0D9BH         LINE#         136
  C:0D9DH         LINE#         185
  C:0DA0H         LINE#         196
  -------         ENDMOD        ?C_STARTUP

  -------         MODULE        ?C?FPADD
  C:0015H         PUBLIC        ?C?FPADD
  C:0011H         PUBLIC        ?C?FPSUB
  -------         ENDMOD        ?C?FPADD

  -------         MODULE        ?C?FPMUL
  C:0106H         PUBLIC        ?C?FPMUL
  -------         ENDMOD        ?C?FPMUL

  -------         MODULE        ?C?FPDIV
  C:020FH         PUBLIC        ?C?FPDIV
  -------         ENDMOD        ?C?FPDIV

  -------         MODULE        ?C?FPCMP
  C:02AEH         PUBLIC        ?C?FPCMP
  C:02ACH         PUBLIC        ?C?FPCMP3
  -------         ENDMOD        ?C?FPCMP

  -------         MODULE        ?C?FCAST
  C:032FH         PUBLIC        ?C?FCASTC
  C:032AH         PUBLIC        ?C?FCASTI
  C:0325H         PUBLIC        ?C?FCASTL
  -------         ENDMOD        ?C?FCAST

  -------         MODULE        ?C?CASTF
  C:0363H         PUBLIC        ?C?CASTF
  -------         ENDMOD        ?C?CASTF

  -------         MODULE        ?C?IMUL
  C:03E4H         PUBLIC        ?C?IMUL
  -------         ENDMOD        ?C?IMUL

  -------         MODULE        ?C?SIDIV
  C:03F6H         PUBLIC        ?C?SIDIV
  -------         ENDMOD        ?C?SIDIV

  -------         MODULE        ?C?SLDIV
  C:0E7CH         PUBLIC        ?C?SLDIV
  -------         ENDMOD        ?C?SLDIV

  -------         MODULE        ?C?LNEG
  C:042CH         PUBLIC        ?C?LNEG
  -------         ENDMOD        ?C?LNEG

  -------         MODULE        ?C?LSTXDATA
  C:043AH         PUBLIC        ?C?LSTXDATA
  -------         ENDMOD        ?C?LSTXDATA

  -------         MODULE        ?C?LSTKXDATA
  C:0446H         PUBLIC        ?C?LSTKXDATA
  -------         ENDMOD        ?C?LSTKXDATA

BL51 BANKED LINKER/LOCATER V6.22                                                      12/14/2019  13:09:00  PAGE 12


  -------         MODULE        ?C?UIDIV
  C:0477H         PUBLIC        ?C?UIDIV
  -------         ENDMOD        ?C?UIDIV

  -------         MODULE        ?C?ULDIV
  C:0508H         PUBLIC        ?C?ULDIV
  -------         ENDMOD        ?C?ULDIV

*** WARNING L16: UNCALLED SEGMENT, IGNORED FOR OVERLAY PROCESS
    SEGMENT: ?PR?_SEND_PWM_DATA?MAIN

*** WARNING L16: UNCALLED SEGMENT, IGNORED FOR OVERLAY PROCESS
    SEGMENT: ?PR?_SEND_DER_DATA?MAIN

*** WARNING L16: UNCALLED SEGMENT, IGNORED FOR OVERLAY PROCESS
    SEGMENT: ?PR?_SEND_ADC_DATA?ADC

Program Size: data=9.1 xdata=112 code=3993
LINK/LOCATE RUN COMPLETE.  3 WARNING(S),  0 ERROR(S)
